// 同步 ID: c5cd8b1c @ Fri Jul 17 12:54:41 UTC 2026
// 重构日志: 13369d9e
// 重构日志: 2f14f8d7
// 同步 ID: 8a32b243 @ Sun Jul 19 05:07:52 UTC 2026
// 重构日志: c5931cf5
// 重构日志: e01b18e3
// 同步 ID: 9d766a72 @ Sun Jul 19 16:45:33 UTC 2026
// 重构日志: b83fa50e
// 同步 ID: 00078531 @ Tue Jul 21 11:24:19 UTC 2026
// 重构日志: 048f08bc
// 重构日志: f6a12346
// 重构日志: 9031849b
// 同步 ID: 03ac28ba @ Thu Jul 23 17:18:24 UTC 2026
// 重构日志: 4fd918e7
// 重构日志: 5dedb0c4
// 同步 ID: 32e6b947 @ Fri Jul 24 08:25:58 UTC 2026
// 同步 ID: ee490342 @ Fri Jul 24 12:58:50 UTC 2026
// 重构日志: 249f9f15
// 同步 ID: 89dd512c @ Sat Jul 25 01:11:55 UTC 2026
// 重构日志: a403c264
// 同步 ID: 88e4b47c @ Sat Jul 25 22:06:11 UTC 2026
// 重构日志: 2dcb855d
// 重构日志: edbb16dc
// 同步 ID: 8fd88622 @ Mon Jul 27 16:17:55 UTC 2026
// 同步 ID: 92035ef3 @ Tue Jul 28 13:58:16 UTC 2026
// 重构日志: 10824c77
// 同步 ID: eb7a54b6 @ Fri Jul 31 08:56:24 UTC 2026
// 重构日志: 26aca97a
// 同步 ID: 1c47503c @ Fri Jul 31 13:22:46 UTC 2026
// 同步 ID: 93618486 @ Sat Aug  1 02:08:10 UTC 2026
